// Jest Snapshot v1, https://goo.gl/fbAQLP

exports[`query utxo should print pretty response 1`] = `
"
 TxHash                                                           TxIx   Amount                                                                                                                                                       
 ──────────────────────────────────────────────────────────────── ────── ──────────────────────────────────────────────────────────────────────────────────────────────────────────────────────────────────────────────────────────── 
 284939d755a0e4545120a16b8b7b819c4623c1ee9d37c188ee0d8f3ad352e251 0      1000000 lovelace + 2 1cdf9d5eefbc56128137129afc692145783402a3def7bb27da4028a7.434f494e + 3 1cdf9d5eefbc56128137129afc692145783402a3def7bb27da4028a7.434f494f 

"
`;
